// Jest Snapshot v1, https://goo.gl/fbAQLP

exports[`From test snapshot 1`] = `
<DocumentFragment>
  <form>
    <div
      class="MuiInput-root MuiInput-underline MuiInputBase-root MuiInputBase-colorPrimary css-a88p61-MuiInputBase-root-MuiInput-root"
    >
      <input
        class="MuiInput-input MuiInputBase-input css-1x51dt5-MuiInputBase-input-MuiInput-input"
        type="text"
        value=""
      />
    </div>
    <button
      class="MuiButton-root MuiButton-contained MuiButton-containedPrimary MuiButton-sizeMedium MuiButton-containedSizeMedium MuiButtonBase-root  css-sghohy-MuiButtonBase-root-MuiButton-root"
      tabindex="0"
      type="submit"
    >
      Send
      <span
        class="MuiTouchRipple-root css-8je8zh-MuiTouchRipple-root"
      />
    </button>
  </form>
  <h1>
    ðŸŒ™
  </h1>
  <button>
    Toggle dark mode
  </button>
</DocumentFragment>
`;
